------------------------------------------------------------
Timing Analyzer Summary
------------------------------------------------------------

Type  : Slow 1100mV 85C Model Setup 'CLOCK_50'
Slack : -9.599
TNS   : -4927.842

Type  : Slow 1100mV 85C Model Hold 'CLOCK_50'
Slack : 0.438
TNS   : 0.000

Type  : Slow 1100mV 85C Model Recovery 'KEY[0]'
Slack : -4.278
TNS   : -4.278

Type  : Slow 1100mV 85C Model Recovery 'KEY[1]'
Slack : -4.075
TNS   : -4.075

Type  : Slow 1100mV 85C Model Recovery 'SW[9]'
Slack : -3.797
TNS   : -3.797

Type  : Slow 1100mV 85C Model Removal 'SW[9]'
Slack : 1.077
TNS   : 0.000

Type  : Slow 1100mV 85C Model Removal 'KEY[1]'
Slack : 1.315
TNS   : 0.000

Type  : Slow 1100mV 85C Model Removal 'KEY[0]'
Slack : 1.482
TNS   : 0.000

Type  : Slow 1100mV 85C Model Minimum Pulse Width 'SW[9]'
Slack : -0.671
TNS   : -1.209

Type  : Slow 1100mV 85C Model Minimum Pulse Width 'CLOCK_50'
Slack : -0.538
TNS   : -615.031

Type  : Slow 1100mV 85C Model Minimum Pulse Width 'KEY[1]'
Slack : -0.538
TNS   : -0.886

Type  : Slow 1100mV 85C Model Minimum Pulse Width 'KEY[0]'
Slack : -0.538
TNS   : -0.864

Type  : Slow 1100mV 0C Model Setup 'CLOCK_50'
Slack : -9.554
TNS   : -4831.597

Type  : Slow 1100mV 0C Model Hold 'CLOCK_50'
Slack : 0.445
TNS   : 0.000

Type  : Slow 1100mV 0C Model Recovery 'KEY[0]'
Slack : -4.462
TNS   : -4.462

Type  : Slow 1100mV 0C Model Recovery 'KEY[1]'
Slack : -4.266
TNS   : -4.266

Type  : Slow 1100mV 0C Model Recovery 'SW[9]'
Slack : -4.051
TNS   : -4.051

Type  : Slow 1100mV 0C Model Removal 'SW[9]'
Slack : 1.239
TNS   : 0.000

Type  : Slow 1100mV 0C Model Removal 'KEY[1]'
Slack : 1.429
TNS   : 0.000

Type  : Slow 1100mV 0C Model Removal 'KEY[0]'
Slack : 1.539
TNS   : 0.000

Type  : Slow 1100mV 0C Model Minimum Pulse Width 'SW[9]'
Slack : -0.741
TNS   : -1.312

Type  : Slow 1100mV 0C Model Minimum Pulse Width 'CLOCK_50'
Slack : -0.538
TNS   : -544.248

Type  : Slow 1100mV 0C Model Minimum Pulse Width 'KEY[0]'
Slack : -0.538
TNS   : -0.902

Type  : Slow 1100mV 0C Model Minimum Pulse Width 'KEY[1]'
Slack : -0.538
TNS   : -0.879

Type  : Fast 1100mV 85C Model Setup 'CLOCK_50'
Slack : -4.477
TNS   : -2236.944

Type  : Fast 1100mV 85C Model Hold 'CLOCK_50'
Slack : 0.182
TNS   : 0.000

Type  : Fast 1100mV 85C Model Recovery 'SW[9]'
Slack : -1.780
TNS   : -1.780

Type  : Fast 1100mV 85C Model Recovery 'KEY[0]'
Slack : -1.656
TNS   : -1.656

Type  : Fast 1100mV 85C Model Recovery 'KEY[1]'
Slack : -1.597
TNS   : -1.597

Type  : Fast 1100mV 85C Model Removal 'KEY[1]'
Slack : 0.356
TNS   : 0.000

Type  : Fast 1100mV 85C Model Removal 'KEY[0]'
Slack : 0.365
TNS   : 0.000

Type  : Fast 1100mV 85C Model Removal 'SW[9]'
Slack : 0.635
TNS   : 0.000

Type  : Fast 1100mV 85C Model Minimum Pulse Width 'SW[9]'
Slack : -0.772
TNS   : -1.886

Type  : Fast 1100mV 85C Model Minimum Pulse Width 'KEY[1]'
Slack : -0.475
TNS   : -1.419

Type  : Fast 1100mV 85C Model Minimum Pulse Width 'KEY[0]'
Slack : -0.435
TNS   : -1.350

Type  : Fast 1100mV 85C Model Minimum Pulse Width 'CLOCK_50'
Slack : -0.410
TNS   : -316.670

Type  : Fast 1100mV 0C Model Setup 'CLOCK_50'
Slack : -3.992
TNS   : -1951.453

Type  : Fast 1100mV 0C Model Hold 'CLOCK_50'
Slack : 0.175
TNS   : 0.000

Type  : Fast 1100mV 0C Model Recovery 'SW[9]'
Slack : -1.624
TNS   : -1.624

Type  : Fast 1100mV 0C Model Recovery 'KEY[0]'
Slack : -1.447
TNS   : -1.447

Type  : Fast 1100mV 0C Model Recovery 'KEY[1]'
Slack : -1.390
TNS   : -1.390

Type  : Fast 1100mV 0C Model Removal 'KEY[1]'
Slack : 0.296
TNS   : 0.000

Type  : Fast 1100mV 0C Model Removal 'KEY[0]'
Slack : 0.305
TNS   : 0.000

Type  : Fast 1100mV 0C Model Removal 'SW[9]'
Slack : 0.602
TNS   : 0.000

Type  : Fast 1100mV 0C Model Minimum Pulse Width 'SW[9]'
Slack : -0.797
TNS   : -2.093

Type  : Fast 1100mV 0C Model Minimum Pulse Width 'KEY[1]'
Slack : -0.521
TNS   : -1.617

Type  : Fast 1100mV 0C Model Minimum Pulse Width 'KEY[0]'
Slack : -0.504
TNS   : -1.588

Type  : Fast 1100mV 0C Model Minimum Pulse Width 'CLOCK_50'
Slack : -0.446
TNS   : -376.743

------------------------------------------------------------
